00000            prog    START   0    
                  
                  . LOADING FROM MEMORY
00000  53202F            LDCH    y    . Load character
00003  05000A            LDX     #10    . Immediate addressing
00006  032026            LDA     x    . Direct addressing
                  . Indirect addressing
                  . Indexed addressing
                  
                  . STORING TO MEMORY
00009  0F2029            STA     z    
                  
                  . OPERATIONS
0000C  1B2023            ADD     y    . Addition
0000F  AC03              RMO     A,B    . Register to register
00011  9C30              DIVR    B,A    . Division
                  . Bit operations
                  
                  . SUBROUTINES
00013  4B200D            JSUB    subrt    . Call subroutine and return from it
                  
                  . DISASSEMBLY FIX
00016  3F2001            J       io    
00019  00        testb   BYTE    0    
                  
                  . IO
0001A  DB201B    io      RD      stdin    
0001D  DF201B            WD      outdat    
                  
00020  3F2FFD    halt    J       halt    
                  
                  
00023  01100010  subrt  +LDA     #16    
00027  9C30              DIVR    B,A    
00029  0F2009            STA     z    
0002C  4F0000            RSUB        
                  
                  
                  . SYMBOLS
0002F  000009    x       WORD    9    
00032  000004    y       WORD    4    
00035  000000    z       RESW    1    
                  
00038  000000    stdin   WORD    0    
0003B  0000AA    outdat  WORD    170    
                  
0003E                    END     prog    
